// Jest Snapshot v1, https://goo.gl/fbAQLP

exports[`match snapshot component Heading 1`] = `[Function]`;
