// Jest Snapshot v1, https://goo.gl/fbAQLP

exports[`match snapshot GlobalStyle 1`] = `
<body>
  <div />
</body>
`;
